
> frontend@0.0.0 build
> tsc -b && vite build

src/components/AddClassModal.tsx(32,15): error TS6133: 'err' is declared but its value is never read.
src/components/Layout.tsx(1,1): error TS6133: 'React' is declared but its value is never read.
src/pages/Dashboard.tsx(1,8): error TS6133: 'React' is declared but its value is never read.
src/pages/Map.tsx(1,8): error TS6133: 'React' is declared but its value is never read.
src/pages/Map.tsx(3,65): error TS6133: 'InfoWindow' is declared but its value is never read.
src/pages/Timetable.tsx(1,8): error TS6133: 'React' is declared but its value is never read.
